../Core/Src/Encoder/EncoderMain.c:82:13:setNextState	16	static
../Core/Src/Encoder/EncoderMain.c:86:13:onEnable	24	static
../Core/Src/Encoder/EncoderMain.c:98:13:onDisable	24	static
../Core/Src/Encoder/EncoderMain.c:109:13:onFault	24	static
../Core/Src/Encoder/EncoderMain.c:115:13:onFaultClear	24	static
../Core/Src/Encoder/EncoderMain.c:122:13:onValidResolution	24	static
../Core/Src/Encoder/EncoderMain.c:133:13:onLearningStart	24	static
../Core/Src/Encoder/EncoderMain.c:154:13:onLearningStop	24	static
../Core/Src/Encoder/EncoderMain.c:170:13:onReadyToMeasure	24	static
../Core/Src/Encoder/EncoderMain.c:176:13:onSampleLessThanN	32	static
../Core/Src/Encoder/EncoderMain.c:185:13:onSampleEqualToN	24	static
../Core/Src/Encoder/EncoderMain.c:201:13:onReadyToValidate	24	static
../Core/Src/Encoder/EncoderMain.c:205:13:onValid	24	static
../Core/Src/Encoder/EncoderMain.c:214:13:onNotValidAndRetry	24	static
../Core/Src/Encoder/EncoderMain.c:218:13:onNotValidAndRetryOver	24	static
../Core/Src/Encoder/EncoderMain.c:224:13:setFault	16	static
../Core/Src/Encoder/EncoderMain.c:228:13:clearFault	16	static
../Core/Src/Encoder/EncoderMain.c:232:15:checkResolution	24	static
../Core/Src/Encoder/EncoderMain.c:240:18:Encoder_Enable	16	static
../Core/Src/Encoder/EncoderMain.c:248:18:Encoder_Disable	16	static
../Core/Src/Encoder/EncoderMain.c:256:18:Encoder_StartLearnig	16	static
../Core/Src/Encoder/EncoderMain.c:264:18:Encoder_StopLearnig	16	static
../Core/Src/Encoder/EncoderMain.c:273:6:Encoder_ProcessEvent	24	static
../Core/Src/Encoder/EncoderMain.c:389:6:Encoder_Run	40	static
