../Core/Src/StepperMotor/StepperMotor.c:90:13:onEnable	24	static
../Core/Src/StepperMotor/StepperMotor.c:104:13:onDisable	24	static
../Core/Src/StepperMotor/StepperMotor.c:119:13:onDownSenFalse	24	static
../Core/Src/StepperMotor/StepperMotor.c:142:13:onDownSenTrue	24	static
../Core/Src/StepperMotor/StepperMotor.c:168:13:onUpSenFalse	24	static
../Core/Src/StepperMotor/StepperMotor.c:184:13:onUpSenTrue	24	static
../Core/Src/StepperMotor/StepperMotor.c:214:13:onDirDown	24	static
../Core/Src/StepperMotor/StepperMotor.c:236:13:onDirUP	24	static
../Core/Src/StepperMotor/StepperMotor.c:254:6:onDownPosMatched	24	static
../Core/Src/StepperMotor/StepperMotor.c:272:6:onUpPosMatched	24	static
../Core/Src/StepperMotor/StepperMotor.c:296:13:onFault	24	static
../Core/Src/StepperMotor/StepperMotor.c:308:13:onFaultClear	16	static
../Core/Src/StepperMotor/StepperMotor.c:324:6:SMD_MoveToPos	16	static
../Core/Src/StepperMotor/StepperMotor.c:358:6:SMD_SM_SetTriger	16	static
../Core/Src/StepperMotor/StepperMotor.c:372:6:SMD_SM_ProcessInputData	16	static
../Core/Src/StepperMotor/StepperMotor.c:438:6:SMD_SM_ProcessTrigger	16	static
../Core/Src/StepperMotor/StepperMotor.c:788:6:SMD_Init	16	static
../Core/Src/StepperMotor/StepperMotor.c:821:6:SMD_Run	16	static
../Core/Src/StepperMotor/StepperMotor.c:861:6:SMD_Enable	16	static
../Core/Src/StepperMotor/StepperMotor.c:873:6:SMD_Disable	16	static
../Core/Src/StepperMotor/StepperMotor.c:885:6:SMD_Start	16	static
../Core/Src/StepperMotor/StepperMotor.c:897:6:SMD_Stop	16	static
../Core/Src/StepperMotor/StepperMotor.c:912:6:SMD_SetDir	16	static
../Core/Src/StepperMotor/StepperMotor.c:928:6:SMD_SetSpeed	16	static
../Core/Src/StepperMotor/StepperMotor.c:942:6:SMD_SetPos	16	static
